[forestglasstest0.weebly.com/index.html]
[backblue.gif]
[fade.gif]
[index.html]
[forestglasstest0.weebly.com/uploads/1/4/3/3/143377499/d5e40b9c-b61e-4813-8997-d03118cd6fe_orig.jpg]
[forestglasstest0.weebly.com/uploads/1/4/3/3/143377499/img-3851_orig.jpg]
[forestglasstest0.weebly.com/uploads/1/4/3/3/143377499/38d5203c-926c-4c5a-a652-91a8a89f019_orig.jpg]
[forestglasstest0.weebly.com/uploads/1/4/3/3/143377499/d36de56e-83e2-4bd0-8d1b-e68940ab47a_orig.jpg]
[forestglasstest0.weebly.com/uploads/1/4/3/3/143377499/5333829f-2d91-4f50-9666-667f75c8ef4_orig.jpg]
[forestglasstest0.weebly.com/uploads/1/4/3/3/143377499/5838f2cb-8cd4-4e35-a266-c5652288bdf7_orig.jpg]
[forestglasstest0.weebly.com/uploads/1/4/3/3/143377499/eeaa85bf-9d0a-479f-85ec-17905c06db5_orig.jpg]
[forestglasstest0.weebly.com/uploads/1/4/3/3/143377499/a87a1f0a-e101-493e-a299-eeb9f4f0012_orig.jpg]
[forestglasstest0.weebly.com/uploads/1/4/3/3/143377499/img-3852_orig.jpg]
[forestglasstest0.weebly.com/uploads/1/4/3/3/143377499/img-7884_orig.jpg]
[cdn2.editmysite.com/css/sites721c.css]
[cdn2.editmysite.com/css/old/fancyboxec8a.css]
[cdn2.editmysite.com/css/social-icons3a09.css]
[forestglasstest0.weebly.com/files/main_style032e.css]
[cdn2.editmysite.com/fonts/Quattrocento_Sans/fontc81e.css]
[cdn2.editmysite.com/fonts/Quattrocento/fontc81e.css]
[cdn2.editmysite.com/fonts/Open_Sans/fontc81e.css]
[forestglasstest0.weebly.com/files/templateArtifacts032e.js]
[cdn2.editmysite.com/js/jquery-1.8.3.min.js]
[www.google.com/recaptcha/api.js]
[forestglasstest0.weebly.com/about.html]
[forestglasstest0.weebly.com/contact.html]
[forestglasstest0.weebly.com/uploads/1/4/3/3/143377499/1db6e564-9d9f-4ea6-bc47-c93500923ea_orig.jpg]
[cdn2.editmysite.com/js/lang/en/stl40af.js]
[forestglasstest0.weebly.com/uploads/1/4/3/3/143377499/bd7de3c0-21ba-41a9-9dc3-61777ace5c9_orig.jpg]
[forestglasstest0.weebly.com/uploads/1/4/3/3/143377499/5295c42b-879a-40bf-a92e-699caa5318a_orig.jpg]
[forestglasstest0.weebly.com/uploads/1/4/3/3/143377499/c171ea5a-b911-45cf-8c81-78a331a99d5_orig.jpg]
[forestglasstest0.weebly.com/uploads/1/4/3/3/143377499/ec19e14e-bf20-4bf1-9428-20d0c1fde5b_orig.jpg]
[cdn2.editmysite.com/js/site/main721c.js]
[cdn2.editmysite.com/images/site/footer/footer-toast-published-image-1.png]
[cdn2.editmysite.com/js/site/footerSignup721c.js]
[forestglasstest0.weebly.com/files/theme/plugins89df.js]
[forestglasstest0.weebly.com/files/theme/custom89df.js]
[forestglasstest0.weebly.com/index.html]
[cdn2.editmysite.com/images/util/videojs/white-bar.png]
[cdn2.editmysite.com/images/util/videojs/@2x/white-bar.png]
[cdn2.editmysite.com/images/util/videojs/gradient.png]
[cdn2.editmysite.com/images/util/videojs/@2x/gradient.png]
[cdn2.editmysite.com/sprites/util/videojs-sacae758aa2.png]
[cdn2.editmysite.com/sprites/util/videojs/@2x-s2aff7e7d9a.png]
[cdn2.editmysite.com/js/wsnbn/snowday262.js]
[cdn2.editmysite.com/images/util/videojs/volume-filled.png]
[cdn2.editmysite.com/images/util/videojs/@2x/volume-filled.png]
[cdn2.editmysite.com/images/util/videojs/volume-mute.png]
[cdn2.editmysite.com/images/util/videojs/@2x/volume-mute.png]
[cdn2.editmysite.com/images/util/videojs/blue-bar.png]
[cdn2.editmysite.com/images/util/videojs/@2x/blue-bar.png]
[cdn2.editmysite.com/images/util/videojs/maximize-icon.png]
[cdn2.editmysite.com/images/util/videojs/@2x/maximize-icon.png]
[cdn2.editmysite.com/images/util/videojs/minimize-icon.png]
[cdn2.editmysite.com/images/util/videojs/@2x/minimize-icon.png]
[cdn2.editmysite.com/images/util/videojs/play-icon.png]
[cdn2.editmysite.com/images/util/videojs/@2x/play-icon.png]
[cdn2.editmysite.com/images/util/videojs/sad-face.png]
[cdn2.editmysite.com/images/util/videojs/@2x/sad-face.png]
[cdn2.editmysite.com/images/util/videojs/loading-icon.png]
[cdn2.editmysite.com/images/util/videojs/@2x/loading-icon.png]
[cdn2.editmysite.com/images/common/buttons/small_grey.png]
[cdn2.editmysite.com/images/common/buttons/small_blue.png]
[cdn2.editmysite.com/images/old/button/large_grey.png]
[cdn2.editmysite.com/images/common/buttons/large_blue.png]
[cdn2.editmysite.com/images/common/search-light.png]
[cdn2.editmysite.com/images/common/social_icons.png]
[cdn2.editmysite.com/images/common/blog/blog-comment-button.png]
[cdn2.editmysite.com/images/common/blog/blog-comment-header.png]
[cdn2.editmysite.com/images/common/blog/blog-comment-pointer.png]
[cdn2.editmysite.com/images/common/blog/blog-comment-link.png]
[cdn2.editmysite.com/images/common/blog/blog-comment-header-author.png]
[cdn2.editmysite.com/images/common/blog/blog-comment-pointer-author.png]
[cdn2.editmysite.com/images/common/blog/blog-comment-field-bg.png]
[cdn2.editmysite.com/images/common/blog/dark-blog-comment-header.png]
[cdn2.editmysite.com/images/common/blog/dark-blog-comment-pointer.png]
[cdn2.editmysite.com/images/common/blog/dark-blog-comment-header-author.png]
[cdn2.editmysite.com/images/common/blog/dark-blog-comment-pointer-author.png]
[cdn2.editmysite.com/js/site/main-customer-accounts-site721c.js]
[cdn2.editmysite.com/images/common/blog/dark-blog-comment-link.png]
[cdn2.editmysite.com/images/util/general/blank.gif]
[cdn2.editmysite.com/images/common/lightbox/prevlabel.gif]
[cdn2.editmysite.com/images/common/lightbox/nextlabel.gif]
[cdn2.editmysite.com/sprites/util/inputs/checkmarkBox-s7868418152.png]
[cdn2.editmysite.com/sprites/util/inputs/checkmarkBox/@2x-s211a47d318.png]
[cdn2.editmysite.com/images/util/inputs/search-input-bg.jpg]
[cdn2.editmysite.com/images/common/magnifying-glass.png]
[cdn2.editmysite.com/images/common/checkmarks/checkmark-mini.png]
[cdn2.editmysite.com/images/common/checkmarks/@2x/checkmark-mini.png]
[cdn2.editmysite.com/images/common/search-pagination-bg.png]
[cdn2.editmysite.com/images/util/general/top-triangle-000.png]
[cdn2.editmysite.com/images/util/general/bottom-triangle-000.png]
[cdn2.editmysite.com/images/util/general/top-triangle-000@2x.png]
[cdn2.editmysite.com/images/util/general/bottom-triangle-000@2x.png]
[cdn2.editmysite.com/sprites/common/social-icons-s5ea5500bdb.png]
[cdn2.editmysite.com/sprites/common/social-icons/@2x-s0ae7d70c70.png]
[cdn2.editmysite.com/sprites/site/mini-cart-s86c48effae.png]
[cdn2.editmysite.com/sprites/site/mini-cart/@2x-s576cbc3f90.png]
[cdn2.editmysite.com/images/loading.gif]
[cdn2.editmysite.com/sprites/site/mobile/commerce-sdf6d4e852c.png]
[cdn2.editmysite.com/sprites/site/mobile/commerce/@2x-s82f968c453.png]
[cdn2.editmysite.com/images/site/checkout/paypal.png]
[cdn2.editmysite.com/images/site/checkout/@2x/paypal.png]
[cdn2.editmysite.com/images/site/checkout/credit-cards.png]
[cdn2.editmysite.com/images/site/checkout/@2x/credit-cards.png]
[cdn2.editmysite.com/images/site/checkout/print.png]
[cdn2.editmysite.com/images/site/checkout/print@2x.png]
[cdn2.editmysite.com/images/vendor/select2/select2.png]
[cdn2.editmysite.com/images/vendor/select2/select2-spinner.gif]
[cdn2.editmysite.com/images/vendor/select2/select2x2.png]
[cdn2.editmysite.com/images/util/spinner/spinner-dark.png]
[cdn2.editmysite.com/images/util/spinner/spinner-light.png]
[cdn2.editmysite.com/images/util/loading-white-w24.gif]
[cdn2.editmysite.com/images/common/form_input_bg.gif]
[cdn2.editmysite.com/sprites/site/forms-s3786257308.png]
[cdn2.editmysite.com/sprites/site/forms/@2x-s47607b315a.png]
[cdn2.editmysite.com/images/blank.gif]
[cdn2.editmysite.com/images/old/photoswipe/loader.gif]
[cdn2.editmysite.com/images/old/photoswipe/error.gif]
[cdn2.editmysite.com/images/old/photoswipe/icons.png]
[cdn2.editmysite.com/images/old/photoswipe/icons@2x.png]
[cdn2.editmysite.com/css/sites721c.css]
[cdn2.editmysite.com/images/old/fancybox/fancybox_sprite.png]
[cdn2.editmysite.com/images/old/fancybox/fancybox_loading.gif]
[cdn2.editmysite.com/images/old/fancybox/blank.gif]
[cdn2.editmysite.com/images/old/fancybox/fancybox_overlay.png]
[cdn2.editmysite.com/css/old/fancyboxec8a.css]
[cdn2.editmysite.com/css/social-icons3a09.css]
[forestglasstest0.weebly.com/files/theme/images/default-bg032e.jpg]
[forestglasstest0.weebly.com/files/theme/images/select-dropdown032e.png]
[forestglasstest0.weebly.com/files/main_style032e.css]
[cdn2.editmysite.com/fonts/Quattrocento_Sans/regular.woff2]
[cdn2.editmysite.com/fonts/Quattrocento_Sans/regular.woff]
[cdn2.editmysite.com/fonts/Quattrocento_Sans/regular.eot]
[cdn2.editmysite.com/fonts/Quattrocento_Sans/regular.ttf]
[cdn2.editmysite.com/fonts/Quattrocento_Sans/regulard41d.eot]
[cdn2.editmysite.com/fonts/Quattrocento_Sans/italic.woff2]
[cdn2.editmysite.com/fonts/Quattrocento_Sans/italic.eot]
[cdn2.editmysite.com/fonts/Quattrocento_Sans/italic.woff]
[cdn2.editmysite.com/fonts/Quattrocento_Sans/italicd41d.eot]
[cdn2.editmysite.com/fonts/Quattrocento_Sans/bold.woff2]
[cdn2.editmysite.com/fonts/Quattrocento_Sans/italic.ttf]
[cdn2.editmysite.com/fonts/Quattrocento_Sans/bold.eot]
[cdn2.editmysite.com/fonts/Quattrocento_Sans/bold.woff]
[cdn2.editmysite.com/fonts/Quattrocento_Sans/boldd41d.eot]
[cdn2.editmysite.com/fonts/Quattrocento_Sans/bold.ttf]
[cdn2.editmysite.com/fonts/Quattrocento_Sans/bolditalic.woff2]
[cdn2.editmysite.com/fonts/Quattrocento_Sans/bolditalic.eot]
[cdn2.editmysite.com/fonts/Quattrocento_Sans/bolditalic.woff]
[cdn2.editmysite.com/fonts/Quattrocento_Sans/fontc81e.css]
[cdn2.editmysite.com/fonts/Quattrocento_Sans/bolditalicd41d.eot]
[cdn2.editmysite.com/fonts/Quattrocento/regular.woff2]
[cdn2.editmysite.com/fonts/Quattrocento_Sans/bolditalic.ttf]
[cdn2.editmysite.com/fonts/Quattrocento/regular.eot]
[cdn2.editmysite.com/fonts/Quattrocento/regular.woff]
[cdn2.editmysite.com/fonts/Quattrocento/regulard41d.eot]
[cdn2.editmysite.com/fonts/Quattrocento/bold.woff2]
[cdn2.editmysite.com/fonts/Quattrocento/regular.ttf]
[cdn2.editmysite.com/fonts/Quattrocento/bold.eot]
[cdn2.editmysite.com/fonts/Quattrocento/bold.woff]
[cdn2.editmysite.com/fonts/Quattrocento/fontc81e.css]
[cdn2.editmysite.com/fonts/Open_Sans/light.eot]
[cdn2.editmysite.com/fonts/Quattrocento/boldd41d.eot]
[cdn2.editmysite.com/fonts/Open_Sans/light.woff2]
[cdn2.editmysite.com/fonts/Open_Sans/lightd41d.eot]
[cdn2.editmysite.com/fonts/Open_Sans/light.woff]
[cdn2.editmysite.com/fonts/Quattrocento/bold.ttf]
[cdn2.editmysite.com/fonts/Open_Sans/regular.woff2]
[cdn2.editmysite.com/fonts/Open_Sans/regular.eot]
[cdn2.editmysite.com/fonts/Open_Sans/light.ttf]
[cdn2.editmysite.com/fonts/Open_Sans/regular.woff]
[cdn2.editmysite.com/fonts/Open_Sans/regulard41d.eot]
[cdn2.editmysite.com/fonts/Open_Sans/bold.woff2]
[cdn2.editmysite.com/fonts/Open_Sans/bold.eot]
[cdn2.editmysite.com/fonts/Open_Sans/regular.ttf]
[cdn2.editmysite.com/fonts/Open_Sans/bold.woff]
[cdn2.editmysite.com/fonts/Open_Sans/boldd41d.eot]
[cdn2.editmysite.com/fonts/Open_Sans/lightitalic.woff2]
[cdn2.editmysite.com/fonts/Open_Sans/bold.ttf]
[cdn2.editmysite.com/fonts/Open_Sans/lightitalic.woff]
[cdn2.editmysite.com/fonts/Open_Sans/lightitalic.eot]
[cdn2.editmysite.com/fonts/Open_Sans/lightitalicd41d.eot]
[cdn2.editmysite.com/fonts/Open_Sans/italic.woff2]
[cdn2.editmysite.com/fonts/Open_Sans/lightitalic.ttf]
[cdn2.editmysite.com/fonts/Open_Sans/italic.eot]
[cdn2.editmysite.com/fonts/Open_Sans/italic.woff]
[cdn2.editmysite.com/fonts/Open_Sans/italicd41d.eot]
[cdn2.editmysite.com/fonts/Open_Sans/bolditalic.woff2]
[cdn2.editmysite.com/fonts/Open_Sans/italic.ttf]
[cdn2.editmysite.com/fonts/Open_Sans/bolditalic.woff]
[cdn2.editmysite.com/fonts/Open_Sans/bolditalic.eot]
[cdn2.editmysite.com/fonts/Open_Sans/fontc81e.css]
[forestglasstest0.weebly.com/files/templateArtifacts032e.js]
[cdn2.editmysite.com/fonts/Open_Sans/bolditalicd41d.eot]
[forestglasstest0.weebly.com/uploads/1/4/3/3/143377499/editor/img-6298727a.jpg]
[forestglasstest0.weebly.com/uploads/1/4/3/3/143377499/fc980f8d-1b21-4c12-afec-40de012ffa1_orig.jpg]
[forestglasstest0.weebly.com/about.html]
[cdn2.editmysite.com/images/site/footer/og-image-placeholder-blank.png]
[cdn2.editmysite.com/fonts/Open_Sans/bolditalic.ttf]
[forestglasstest0.weebly.com/contact.html]
